Drill report for kik_panel.kicad_pcb
Created on 2026-05-17T22:33:00

Copper Layer Stackup:
    =============================================================
    L1 :  F.Cu                      front
    L2 :  In1.Cu                    in1
    L3 :  In2.Cu                    in2
    L4 :  B.Cu                      back


Drill file 'kik_panel-PTH.drl' contains
    plated through holes:
    =============================================================
    T1  0.300mm  0.0118"  (704 holes))
    T2  0.600mm  0.0236"  (32 holes)  (with 32 slots)
    T3  1.000mm  0.0394"  (140 holes))

    Total plated holes count 876


Drill file 'kik_panel-NPTH.drl' contains
    unplated through holes:
    =============================================================
    T1  0.500mm  0.0197"  (112 holes))
    T2  0.650mm  0.0256"  (8 holes))
    T3  0.700mm  0.0276"  (8 holes))
    T4  1.152mm  0.0454"  (3 holes))
    T5  3.200mm  0.1260"  (16 holes))

    Total unplated holes count 147
